ID: 11092
Title: Add doc for the new fast recover feature in TiDB 3.0 
Description:
Very excited by The GA  release of TiDB 3.0,  We deploy a testing cluster of 3.0.   When we test the fast recover feature using sql below , an error occur. 
 
```
mysql> use test
Database changed
mysql> create table t(id int not null primary key ) ;
Query OK, 0 rows affected (1.52 sec)
mysql> 
mysql> show tables;
+----------------+
| Tables_in_test |
+----------------+
| t              |
+----------------+
1 row in set (0.01 sec)

mysql> drop table t ;
Query OK, 0 rows affected (1.01 sec)

mysql> admin restore table test.t ;
ERROR 1064 (42000): You have an error in your SQL syntax; check the manual that corresponds to your TiDB version for the right syntax to use line 1 column 13 near "restore table test.t"
mysql>
```
The Correct SQL Command is ðŸ‘ 
```
mysql> recover table test.t ;
Query OK, 0 rows affected (2.03 sec)

mysql> show tables;
+----------------+
| Tables_in_test |
+----------------+
| t              |
+----------------+
1 row in set (0.01 sec)

```
But the recover Command not  in the docs of 3.0 . 
