ID: 11309
Title: Wrong result of Dateadd() when it working on a Decimal(or float,double) column
Description:
## Bug Report

Please answer these questions before submitting your issue. Thanks!

1. What did you do?
If possible, provide a recipe for reproducing the error.
```
DROP TABLE IF EXISTS t;
CREATE TABLE t (
    a decimal(6,3),
    b double(6,3),
    c float(6,3)
);
INSERT INTO t VALUES (1.100,1.100,1.100);
SELECT DATE_ADD('2003-11-18 07:25:13',INTERVAL a MINUTE_SECOND) FROM t;
SELECT DATE_ADD('2003-11-18 07:25:13',INTERVAL b MINUTE_SECOND) FROM t;
SELECT DATE_ADD('2003-11-18 07:25:13',INTERVAL c MINUTE_SECOND) FROM t;
```

2. What did you expect to see?
```
mysql> SELECT DATE_ADD('2003-11-18 07:25:13',INTERVAL a MINUTE_SECOND) FROM t;
+----------------------------------------------------------+
| DATE_ADD('2003-11-18 07:25:13',INTERVAL a MINUTE_SECOND) |
+----------------------------------------------------------+
| 2003-11-18 07:27:53                                      |
+----------------------------------------------------------+
1 row in set (0.00 sec)

mysql> SELECT DATE_ADD('2003-11-18 07:25:13',INTERVAL b MINUTE_SECOND) FROM t;
+----------------------------------------------------------+
| DATE_ADD('2003-11-18 07:25:13',INTERVAL b MINUTE_SECOND) |
+----------------------------------------------------------+
| 2003-11-18 07:27:53                                      |
+----------------------------------------------------------+
1 row in set (0.01 sec)

mysql> SELECT DATE_ADD('2003-11-18 07:25:13',INTERVAL c MINUTE_SECOND) FROM t;
+----------------------------------------------------------+
| DATE_ADD('2003-11-18 07:25:13',INTERVAL c MINUTE_SECOND) |
+----------------------------------------------------------+
| 2003-11-18 07:27:53                                      |
+----------------------------------------------------------+
1 row in set (0.00 sec)
```


3. What did you see instead?

```
mysql> SELECT DATE_ADD('2003-11-18 07:25:13',INTERVAL a MINUTE_SECOND) FROM t;
ERROR 1105 (HY000): runtime error: index out of range
mysql> SELECT DATE_ADD('2003-11-18 07:25:13',INTERVAL b MINUTE_SECOND) FROM t;
+----------------------------------------------------------+
| DATE_ADD('2003-11-18 07:25:13',INTERVAL b MINUTE_SECOND) |
+----------------------------------------------------------+
| 2003-11-18 07:26:14                                      |
+----------------------------------------------------------+
1 row in set (0.00 sec)

mysql> SELECT DATE_ADD('2003-11-18 07:25:13',INTERVAL c MINUTE_SECOND) FROM t;
+----------------------------------------------------------+
| DATE_ADD('2003-11-18 07:25:13',INTERVAL c MINUTE_SECOND) |
+----------------------------------------------------------+
| NULL                                                     |
+----------------------------------------------------------+
1 row in set, 1 warning (0.00 sec)
```

4. What version of TiDB are you using (`tidb-server -V` or run `select tidb_version();` on TiDB)?

```
| Release Version: v3.0.0-rc.1-352-gce6fccb87
Git Commit Hash: ce6fccb8779d9470595ff4d02705a555ba243808
Git Branch: fix_date_microsecond
UTC Build Time: 2019-07-17 11:56:19
GoVersion: go version go1.12.6 darwin/amd64
Race Enabled: false
TiKV Min Version: 2.1.0-alpha.1-ff3dd160846b7d1aed9079c389fc188f7f5ea13e
Check Table Before Drop: false |
```
