ID: 11303
Title: alter table modify column compatibility
Description:
TiDB 2.1.14
```
mysql> create table tab1 (`a` varchar(30) CHARSET utf8mb4 COLLATE utf8mb4_bin DEFAULT NULL COMMENT '12345',`id` int);
Query OK, 0 rows affected (0.24 sec)

mysql> ALTER TABLE tab1 MODIFY COLUMN `a` varchar(32) CHARSET utf8mb4 COLLATE utf8mb4_bin DEFAULT NULL COMMENT '54321' after `id`;
ERROR 1105 (HY000): unsupported modify column %!s(ast.ColumnOptionType=12)

mysql> ALTER TABLE tab1 MODIFY COLUMN `a` varchar(32) DEFAULT NULL COMMENT '54321' after `id`;
Query OK, 0 rows affected (0.20 sec)

mysql> ALTER TABLE tab1 MODIFY COLUMN `a` varchar(32)  COMMENT '54321' after `id`;
Query OK, 0 rows affected (0.13 sec)
```

MySQL 5.7.24
```
mysql> create table tab1 (`a` varchar(30) CHARSET utf8mb4 COLLATE utf8mb4_bin DEFAULT NULL COMMENT '12345',`id` int);
Query OK, 0 rows affected (0.04 sec)

mysql> ALTER TABLE tab1 MODIFY COLUMN `a` varchar(32) CHARSET utf8mb4 COLLATE utf8mb4_bin DEFAULT NULL COMMENT '54321' after `id`;
Query OK, 0 rows affected (0.04 sec)
Records: 0  Duplicates: 0  Warnings: 0
```