ID: 12990
Title: A table with a column named `_tidb_rowid` may have unexpected behaviour. 
Description:
## Bug Report

Please answer these questions before submitting your issue. Thanks!

1. What did you do?
If possible, provide a recipe for reproducing the error.

case 1:
```mysql
mysql> create table t4 (_tidb_rowid varchar(1));
Query OK, 0 rows affected (0.01 sec)

mysql> insert into t4 value('a');
ERROR 1105 (HY000): insert, update and replace statements for _tidb_rowid are not supported.
mysql> select * from t4;
ERROR 1060 (42S21): Duplicate column name '_tidb_rowid'
```

case 2:
```mysql
mysql> create table t5 (_tidb_rowid int primary key);
Query OK, 0 rows affected (0.01 sec)

mysql> select * from t5;
Empty set (0.01 sec)

mysql> select _tidb_rowid from t5;
Empty set (0.00 sec)

mysql> insert into t5 value('a');
ERROR 1105 (HY000): insert, update and replace statements for _tidb_rowid are not supported.

```

2. What did you expect to see?

To be determined.


3. What did you see instead?



4. What version of TiDB are you using (`tidb-server -V` or run `select tidb_version();` on TiDB)?

