ID: 14512
Title: The value of Set type is case insensitive under case sensitive collation
Description:
## Bug Report

Please answer these questions before submitting your issue. Thanks!

1. What did you do?
If possible, provide a recipe for reproducing the error.
mysql> create table xxx(id int, value set('a','b','C') default 'a,c');
Query OK, 0 rows affected (0.07 sec)
mysql> create table xxx(id int, value set('a','b','B') default 'a,b');
ERROR 1291 (HY000): Column 'value' has duplicated value 'b' in SET

2. What did you expect to see?
MariaDB [test]> create table set_test(id int, value set('a','b','C') default 'a,c') CHARACTER SET utf8mb4 COLLATE utf8mb4_bin;
ERROR 1067 (42000): Invalid default value for 'value'
MariaDB [test]> create table set_test(id int, value set('a','b','B') default 'a,b') CHARACTER SET utf8mb4 COLLATE utf8mb4_bin;
Query OK, 0 rows affected (0.00 sec)



3. What did you see instead?
mysql> create table xxx(id int, value set('a','b','C') default 'a,c');
Query OK, 0 rows affected (0.07 sec)
mysql> create table xxx(id int, value set('a','b','B') default 'a,b');
ERROR 1291 (HY000): Column 'value' has duplicated value 'b' in SET


4. What version of TiDB are you using (`tidb-server -V` or run `select tidb_version();` on TiDB)?
mysql> select tidb_version();
+---------------------------------------------------------------------------------------------------------------------------------------------------------------------------------------------------------------------------------------------------------------------------------------------------------+
| tidb_version()                                                                                                                                                                                                                                                                                          |
+---------------------------------------------------------------------------------------------------------------------------------------------------------------------------------------------------------------------------------------------------------------------------------------------------------+
| Release Version: v4.0.0-alpha-1262-g0d7edc7ef
Git Commit Hash: 0d7edc7ef32c52dd734c21dfade5860c71aececd
Git Branch: master
UTC Build Time: 2019-12-27 09:55:58
GoVersion: go1.13.1
Race Enabled: false
TiKV Min Version: v3.0.0-60965b006877ca7234adaced7890d7b029ed1306
Check Table Before Drop: false |
+---------------------------------------------------------------------------------------------------------------------------------------------------------------------------------------------------------------------------------------------------------------------------------------------------------+
1 row in set (0.00 sec)
