ID: 16929
Title: The memory_quota hint doesn't work in INSERT INTO statement
Description:
## Bug Report

Please answer these questions before submitting your issue. Thanks!
### 1. What did you do?

<!-- If possible, provide a recipe for reproducing the error. -->
```
drop table if exists t;
create table t(a int, b int, c int);
insert into t values(1,1,1);
insert into t select * from t;
insert into t select * from t;
insert into t select * from t;
insert into t select * from t;
insert into t select * from t;
insert into t select * from t;
insert into t select * from t;
insert into t select * from t;
insert into t select * from t;
insert into t select * from t;
insert into t select * from t;
insert into t select * from t;
insert into t select * from t;
insert into t select * from t;
insert into t select * from t;
insert into t select * from t;
select /*+ memory_quota(1 MB) */ * from t;
insert into t select /*+ memory_quota(1 MB) */ * from t;
insert /*+ memory_quota(1 MB) */  into t select * from t;
```


### 2. What did you expect to see?
```
mysql> select /*+ memory_quota(1 MB) */ * from t;
ERROR 1105 (HY000): Out Of Memory Quota![conn_id=1]
mysql> insert into t select /*+ memory_quota(1 MB) */ * from t;
ERROR 1105 (HY000): Out Of Memory Quota![conn_id=1]
mysql> insert into /*+ memory_quota(1 MB) */  t select * from t;
ERROR 1105 (HY000): Out Of Memory Quota![conn_id=1]
```
### 3. What did you see instead?
```
mysql> select /*+ memory_quota(1 MB) */ * from t;
ERROR 1105 (HY000): Out Of Memory Quota![conn_id=1]
mysql> insert into t select /*+ memory_quota(1 MB) */ * from t;
Query OK, 65536 rows affected (0.67 sec)
Records: 65536  Duplicates: 0  Warnings: 0
mysql> insert into /*+ memory_quota(1 MB) */  t select * from t;
Query OK, 131072 rows affected (1.48 sec)
Records: 131072  Duplicates: 0  Warnings: 0
```
### 4. What version of TiDB are you using? (`tidb-server -V` or run `select tidb_version();` on TiDB)
```
Release Version: v4.0.0-rc-156-g27a1c2b0a-dirty
Git Commit Hash: 27a1c2b0a4cd53b0343a0d6fd6442f9a5be72fe5
Git Branch: release-4.0
UTC Build Time: 2020-04-29 06:12:12
GoVersion: go1.13.1
Race Enabled: false
TiKV Min Version: v3.0.0-60965b006877ca7234adaced7890d7b029ed1306
Check Table Before Drop: false
```