ID: 19194
Title: Failed to `replace` after failure of insertion in a transaction
Description:
## Bug Report

Please answer these questions before submitting your issue. Thanks!

### 1. Minimal reproduce step (Required)

<!-- a step by step guide for reproducing the bug. -->
```sql
drop table if exists t;
create table t (c_int int, c_str varchar(40), primary key (c_int));
insert into t values (1, 'Alice');
begin;
insert into t values (1, 'Bob'), (1, 'Carol');
replace into t values (1, 'Dave'); -- failed with error 1062
commit;
replace into t values (1, 'Dave');
```

### 2. What did you expect to see? (Required)

The `replace` in the transaction shouldn't fail.

### 3. What did you see instead (Required)

```
mysql> begin;
Query OK, 0 rows affected (0.06 sec)

mysql> insert into t values (1, 'Bob'), (1, 'Carol');
ERROR 1062 (23000): Duplicate entry '1' for key 'PRIMARY'

mysql> replace into t values (1, 'Dave');
ERROR 1062 (23000): Duplicate entry '1' for key 'PRIMARY'

mysql> commit;
Query OK, 0 rows affected (0.05 sec)

mysql> replace into t values (1, 'Dave');
Query OK, 2 rows affected (0.08 sec)

```

### 4. What is your TiDB version? (Required)

<!-- Paste the output of SELECT tidb_version() -->

release-4.0 @ 1483de323abe0f519a43788adfbdaac1dbd71d0d