ID: 21089
Title: SPM: original_sql can use nonexistent index when creating binding
Description:
## Bug Report

Please answer these questions before submitting your issue. Thanks!

### 1. Minimal reproduce step (Required)

<!-- a step by step guide for reproducing the bug. -->
```
drop table if exists t;
create table t(a int, b int, c int);
create session binding for delete from t ignore index(idx) where c < 0 using delete from t where c < 0;
create session binding for delete from t use index(idx) where c < 0 using delete from t where c < 0;
show session bindings;
```

### 2. What did you expect to see? (Required)
```
mysql> create session binding for delete from t ignore index(idx) where c < 0 using delete from t where c < 0;
ERROR 1176 (42000): Key 'idx' doesn't exist in table 't'

mysql> create session binding for delete from t use index(idx) where c < 0 using delete from t where c < 0;
ERROR 1176 (42000): Key 'idx' doesn't exist in table 't'

mysql> show session bindings;
Empty set (0.00 sec)
```

### 3. What did you see instead (Required)
```
mysql> create session binding for delete from t ignore index(idx) where c < 0 using delete from t where c < 0;
Query OK, 0 rows affected (0.00 sec)

mysql> create session binding for delete from t use index(idx) where c < 0 using delete from t where c < 0;
Query OK, 0 rows affected (0.00 sec)

mysql> show session bindings;
+---------------------------+---------------------------+------------+--------+-------------------------+-------------------------+---------+--------------------+--------+
| Original_sql              | Bind_sql                  | Default_db | Status | Create_time             | Update_time             | Charset | Collation          | Source |
+---------------------------+---------------------------+------------+--------+-------------------------+-------------------------+---------+--------------------+--------+
| delete from t where c < ? | delete from t where c < 0 | test       | using  | 2020-11-16 17:36:03.988 | 2020-11-16 17:36:03.988 | utf8mb4 | utf8mb4_0900_ai_ci | manual |
+---------------------------+---------------------------+------------+--------+-------------------------+-------------------------+---------+--------------------+--------+
1 row in set (0.00 sec)
```
### 4. What is your TiDB version? (Required)

<!-- Paste the output of SELECT tidb_version() -->
```
Release Version: v4.0.0-beta.2-1509-g49c8839f8
Edition: Community
Git Commit Hash: 49c8839f8845938fd1aae20b4b991be02c7c9e8d
Git Branch: pr20686
UTC Build Time: 2020-11-16 03:00:53
GoVersion: go1.15
Race Enabled: false
TiKV Min Version: v3.0.0-60965b006877ca7234adaced7890d7b029ed1306
Check Table Before Drop: false
```
