ID: 25088
Title: the variable 'tidb_enable_clustered_index' can be set to 2, 3, 4
Description:
## Bug Report

Please answer these questions before submitting your issue. Thanks!

### 1. Minimal reproduce step (Required)

<!-- a step by step guide for reproducing the bug. -->
```
set tidb_enable_clustered_index=0;
select @@tidb_enable_clustered_index;
set tidb_enable_clustered_index=1;
select @@tidb_enable_clustered_index;
set tidb_enable_clustered_index=2;
select @@tidb_enable_clustered_index;
set tidb_enable_clustered_index=3;
select @@tidb_enable_clustered_index;
set tidb_enable_clustered_index=4;
select @@tidb_enable_clustered_index;
```

### 2. What did you expect to see? (Required)
```
mysql> set tidb_enable_clustered_index=0;
Query OK, 0 rows affected (0.02 sec)

mysql> select @@tidb_enable_clustered_index;
+-------------------------------+
| @@tidb_enable_clustered_index |
+-------------------------------+
| OFF                           |
+-------------------------------+
1 row in set (0.00 sec)

mysql> set tidb_enable_clustered_index=1;
Query OK, 0 rows affected (0.00 sec)

mysql> select @@tidb_enable_clustered_index;
+-------------------------------+
| @@tidb_enable_clustered_index |
+-------------------------------+
| ON                            |
+-------------------------------+
1 row in set (0.00 sec)

mysql> set tidb_enable_clustered_index=2;
ERROR 1231 (42000): Variable 'tidb_enable_clustered_index' can't be set to the value of '2'

mysql> set tidb_enable_clustered_index=3;
ERROR 1231 (42000): Variable 'tidb_enable_clustered_index' can't be set to the value of '3'

mysql> set tidb_enable_clustered_index=4;
ERROR 1231 (42000): Variable 'tidb_enable_clustered_index' can't be set to the value of '4'
```

### 3. What did you see instead (Required)
```
mysql> set tidb_enable_clustered_index=0;
Query OK, 0 rows affected (0.02 sec)

mysql> select @@tidb_enable_clustered_index;
+-------------------------------+
| @@tidb_enable_clustered_index |
+-------------------------------+
| OFF                           |
+-------------------------------+
1 row in set (0.00 sec)

mysql> set tidb_enable_clustered_index=1;
Query OK, 0 rows affected (0.00 sec)

mysql> select @@tidb_enable_clustered_index;
+-------------------------------+
| @@tidb_enable_clustered_index |
+-------------------------------+
| ON                            |
+-------------------------------+
1 row in set (0.00 sec)

mysql> set tidb_enable_clustered_index=2;
Query OK, 0 rows affected, 1 warning (0.01 sec)

mysql> select @@tidb_enable_clustered_index;
+-------------------------------+
| @@tidb_enable_clustered_index |
+-------------------------------+
| INT_ONLY                      |
+-------------------------------+
1 row in set (0.00 sec)

mysql> set tidb_enable_clustered_index=3;
Query OK, 0 rows affected (0.00 sec)

mysql> select @@tidb_enable_clustered_index;
+-------------------------------+
| @@tidb_enable_clustered_index |
+-------------------------------+
| 1                             |
+-------------------------------+
1 row in set (0.00 sec)

mysql> set tidb_enable_clustered_index=4;
Query OK, 0 rows affected (0.00 sec)

mysql> select @@tidb_enable_clustered_index;
+-------------------------------+
| @@tidb_enable_clustered_index |
+-------------------------------+
| 0                             |
+-------------------------------+
1 row in set (0.00 sec)
```
### 4. What is your TiDB version? (Required)

<!-- Paste the output of SELECT tidb_version() -->
```
Release Version: v5.0.1-23-g0ecd6bdf5
Edition: Community
Git Commit Hash: 0ecd6bdf51043bd1aedfba9f293eb1f3cd19149d
Git Branch: release-5.0
UTC Build Time: 2021-06-03 03:56:43
GoVersion: go1.16.2
Race Enabled: false
TiKV Min Version: v3.0.0-60965b006877ca7234adaced7890d7b029ed1306
Check Table Before Drop: false
```
