ID: 28473
Title: `show create table` can show the view when the user doesn't have the privilege
Description:
## Bug Report

Please answer these questions before submitting your issue. Thanks!

### 1. Minimal reproduce step (Required)

<!-- a step by step guide for reproducing the bug. -->

```sql
mysql -h127.1 -uroot
mysql> use test
Reading table information for completion of table and column names
You can turn off this feature to get a quicker startup with -A

Database changed
mysql> create view v as select 1;
Query OK, 0 rows affected (0.18 sec)

mysql> GRANT Select,Insert,Update,Delete,Create,Alter,Index ON test.* to test_user;
Query OK, 0 rows affected (0.09 sec)

mysql> exit
Bye

mysql -h127.1 -utest_user
mysql> show create view test.v;
ERROR 1142 (42000): SHOW VIEW command denied to user 'test_user'@'localhost' for table 'v'
mysql> show create table test.v;
+------+--------------------------------------------------------------------------------------------------------------+----------------------+----------------------+
| View | Create View                                                                                                  | character_set_client | collation_connection |
+------+--------------------------------------------------------------------------------------------------------------+----------------------+----------------------+
| v    | CREATE ALGORITHM=UNDEFINED DEFINER=`root`@`127.0.0.1` SQL SECURITY DEFINER VIEW `v` (`1`) AS SELECT 1 AS `1` | utf8mb4              | utf8mb4_0900_ai_ci   |
+------+--------------------------------------------------------------------------------------------------------------+----------------------+----------------------+
1 row in set (0.01 sec)
```

### 2. What did you expect to see? (Required)

```sql
mysql -h127.1 -utest_user
mysql> show create table test.v;
ERROR 1142 (42000): SHOW VIEW command denied to user 'test_user'@'localhost' for table 'v'
```

### 3. What did you see instead (Required)

```sql
mysql> show create table test.v;
+------+--------------------------------------------------------------------------------------------------------------+----------------------+----------------------+
| View | Create View                                                                                                  | character_set_client | collation_connection |
+------+--------------------------------------------------------------------------------------------------------------+----------------------+----------------------+
| v    | CREATE ALGORITHM=UNDEFINED DEFINER=`root`@`127.0.0.1` SQL SECURITY DEFINER VIEW `v` (`1`) AS SELECT 1 AS `1` | utf8mb4              | utf8mb4_0900_ai_ci   |
+------+--------------------------------------------------------------------------------------------------------------+----------------------+----------------------+
1 row in set (0.01 sec)
```

### 4. What is your TiDB version? (Required)

<!-- Paste the output of SELECT tidb_version() -->

master