ID: 29260
Title: ERROR 1242 (21000): Subquery returns more than 1 row (insert_update.test)
Description:
## Bug Report

Please answer these questions before submitting your issue. Thanks!

### 1. Minimal reproduce step (Required)

<!-- a step by step guide for reproducing the bug. -->
```SQL
DROP TABLE if exists t1, t2, source;
CREATE TABLE t1(a INTEGER PRIMARY KEY);
CREATE TABLE t2(a INTEGER);
CREATE TABLE source (b INTEGER);

INSERT INTO t1 VALUES (1);
INSERT INTO t2 VALUES (1);
INSERT INTO source VALUES (1),(1);

INSERT INTO t1 (a) VALUES (1)
ON DUPLICATE KEY UPDATE a= (SELECT b FROM source);

INSERT INTO t2 (a) VALUES (1)
ON DUPLICATE KEY UPDATE a= (SELECT b FROM source);

```
### 2. What did you expect to see? (Required)
```SQL

mysql> CREATE TABLE t1(a INTEGER PRIMARY KEY);
Query OK, 0 rows affected (0.02 sec)

mysql> CREATE TABLE t2(a INTEGER);
Query OK, 0 rows affected (0.01 sec)

mysql> CREATE TABLE source (b INTEGER);
Query OK, 0 rows affected (0.01 sec)

mysql> INSERT INTO t1 VALUES (1);
Query OK, 1 row affected (0.00 sec)

mysql> INSERT INTO t2 VALUES (1);
Query OK, 1 row affected (0.01 sec)

mysql> INSERT INTO source VALUES (1),(1);
Query OK, 2 rows affected (0.00 sec)
Records: 2  Duplicates: 0  Warnings: 0

mysql> INSERT INTO t1 (a) VALUES (1)
    -> ON DUPLICATE KEY UPDATE a= (SELECT b FROM source);
ERROR 1242 (21000): Subquery returns more than 1 row

mysql> INSERT INTO t2 (a) VALUES (1)
    -> ON DUPLICATE KEY UPDATE a= (SELECT b FROM source);
Query OK, 1 row affected (0.00 sec)

```
### 3. What did you see instead (Required)
```sql
mysql> CREATE TABLE t1(a INTEGER PRIMARY KEY);
Query OK, 0 rows affected (0.08 sec)

mysql> CREATE TABLE t2(a INTEGER);
Query OK, 0 rows affected (0.14 sec)

mysql> CREATE TABLE source (b INTEGER);
Query OK, 0 rows affected (0.19 sec)

mysql> INSERT INTO t1 VALUES (1);
Query OK, 1 row affected (0.01 sec)

mysql> INSERT INTO t2 VALUES (1);
Query OK, 1 row affected (0.01 sec)

mysql> INSERT INTO source VALUES (1),(1);
Query OK, 2 rows affected (0.01 sec)
Records: 2  Duplicates: 0  Warnings: 0

mysql> INSERT INTO t1 (a) VALUES (1)
    -> ON DUPLICATE KEY UPDATE a= (SELECT b FROM source);
ERROR 1242 (21000): Subquery returns more than 1 row
mysql> 
mysql> INSERT INTO t2 (a) VALUES (1)
    -> ON DUPLICATE KEY UPDATE a= (SELECT b FROM source);
ERROR 1242 (21000): Subquery returns more than 1 row

```
### 4. What is your TiDB version? (Required)

<!-- Paste the output of SELECT tidb_version() -->
```sql
| Release Version: v5.2.1
Edition: Community
Git Commit Hash: cd8fb24c5f7ebd9d479ed228bb41848bd5e97445
Git Branch: heads/refs/tags/v5.2.1
UTC Build Time: 2021-09-08 02:29:53
GoVersion: go1.16.4
Race Enabled: false
TiKV Min Version: v3.0.0-60965b006877ca7234adaced7890d7b029ed1306
Check Table Before Drop: false |
```
