ID: 29549
Title: Queries with wrong column name lists can execute
Description:
## Bug Report

Please answer these questions before submitting your issue. Thanks!

### 1. Minimal reproduce step (Required)
```
use test;
drop table if exists t;
create table t (a int, b int, c int);
set @@tidb_enable_extended_stats = on;

/* first sql */
select * from t as t1 join t as t2 using (t1.a);

/* second sql */
analyze table t update histogram on t.a;

/* third sql */
analyze table t drop histogram on t.a;

/* fourth sql */
analyze table t columns t1.a;

/* fifth sql */
alter table t add stats_extended s1 correlation(t1.a, b);
```

### 2. What did you expect to see? (Required)
MySQL reports syntax error for the first three sqls.
```
mysql> select * from t as t1 join t as t2 using (t1.a);
ERROR 1064 (42000): You have an error in your SQL syntax; check the manual that corresponds to your MySQL server version for the right syntax to use near '.a)' at line 1
mysql> analyze table t update histogram on t.a;
ERROR 1064 (42000): You have an error in your SQL syntax; check the manual that corresponds to your MySQL server version for the right syntax to use near '.a' at line 1
mysql> analyze table t drop histogram on t.a;
ERROR 1064 (42000): You have an error in your SQL syntax; check the manual that corresponds to your MySQL server version for the right syntax to use near '.a' at line 1
```
Both the fourth sql and the fifth sql are wrong and TiDB should report error(analyze columns and extended stats are TiDB's own syntax). 

### 3. What did you see instead (Required)
All the sqls run successfully.
```
mysql> select * from t as t1 join t as t2 using (t1.a);
Empty set (0.00 sec)

mysql> analyze table t update histogram on t.a;
Query OK, 0 rows affected, 1 warning (0.02 sec)

mysql> analyze table t drop histogram on t.a;
Query OK, 0 rows affected, 1 warning (0.02 sec)

mysql> analyze table t columns t1.a;
Query OK, 0 rows affected, 1 warning (0.02 sec)

mysql> alter table t add stats_extended s1 correlation(t1.a, b);
Query OK, 0 rows affected (0.01 sec)
```

### 4. What is your TiDB version? (Required)
```
mysql> SELECT tidb_version();
+----------------------------------------------------------------------------------------------------------------------------------------------------------------------------------------------------------------------------------------------------------------------------------------------------------------------------+
| tidb_version()                                                                                                                                                                                                                                                                                                             |
+----------------------------------------------------------------------------------------------------------------------------------------------------------------------------------------------------------------------------------------------------------------------------------------------------------------------------+
| Release Version: v5.3.0-alpha-1352-g4df2c21a9
Edition: Community
Git Commit Hash: 4df2c21a94da3c211a129bb190b37d1649a61ed9
Git Branch: master
UTC Build Time: 2021-11-08 02:23:21
GoVersion: go1.16.4
Race Enabled: false
TiKV Min Version: v3.0.0-60965b006877ca7234adaced7890d7b029ed1306
Check Table Before Drop: false |
+----------------------------------------------------------------------------------------------------------------------------------------------------------------------------------------------------------------------------------------------------------------------------------------------------------------------------+
1 row in set (0.00 sec)
```

