ID: 30330
Title: If command :comparing and assigning( using cast()) with user defined variable : Error in Tidb ( for date , datetime and decimal data types)
Description:
## Bug Report

Please answer these questions before submitting your issue. Thanks!
```sql
set @b='';
select if(@b = cast("01-01-01" as date), '', @b:= cast("01-01-01" as date)) as date;
select if(@b = cast("01-01-01 12:34:23" as datetime), '', @b:= cast("01-01-01 12:34:23" as datetime)) as datetime;
select if(@b = cast("012.66" as decimal), '', @b:= cast("012.66" as decimal)) as decim;
select if(@b = cast("12:23:45" as time), '', @b:= cast("12:23:45" as time))as time;
```
### 2. What did you expect to see? (Required)
```sql
mysql> select if(@b = cast("01-01-01" as date), '', @b:= cast("01-01-01" as date)) as date;
+------------+
| date       |
+------------+
| 2001-01-01 |
+------------+
1 row in set, 2 warnings (0.00 sec)

mysql> select if(@b = cast("01-01-01 12:34:23" as datetime), '', @b:= cast("01-01-01 12:34:23" as datetime)) as datetime;
+---------------------+
| datetime            |
+---------------------+
| 2001-01-01 12:34:23 |
+---------------------+
1 row in set, 1 warning (0.00 sec)

mysql> select if(@b = cast("012.66" as decimal), '', @b:= cast("012.66" as decimal)) as decim;
+-------+
| decim |
+-------+
| 13    |
+-------+
1 row in set, 2 warnings (0.00 sec)

mysql> select if(@b = cast("12:23:45" as time), '', @b:= cast("12:23:45" as time))as time;
+----------+
| time     |
+----------+
| 12:23:45 |
+----------+
1 row in set, 1 warning (0.00 sec)
```
### 3. What did you see instead (Required)
```sql
mysql> select if(@b = cast("01-01-01" as date), '', @b:= cast("01-01-01" as date)) as date;
ERROR 1105 (HY000): interface conversion: interface {} is nil, not types.Time
mysql> select if(@b = cast("01-01-01 12:34:23" as datetime), '', @b:= cast("01-01-01 12:34:23" as datetime)) as datetime;
ERROR 1105 (HY000): interface conversion: interface {} is nil, not types.Time
mysql> select if(@b = cast("012.66" as decimal), '', @b:= cast("012.66" as decimal)) as decim;
ERROR 1105 (HY000): interface conversion: interface {} is nil, not *types.MyDecimal
mysql> select if(@b = cast("12:23:45" as time), '', @b:= cast("12:23:45" as time))as time;
+----------+
| time     |
+----------+
| 12:23:45 |
+----------+
1 row in set (0.01 sec)
```
### 4. What is your TiDB version? (Required)
```sql
| Release Version: v5.4.0-alpha-264-g6efa36df6
Edition: Community
Git Commit Hash: 6efa36df6cff325106f67ecfe3d79816ba37ca6a
Git Branch: master
UTC Build Time: 2021-11-29 16:57:51
GoVersion: go1.17.2
Race Enabled: false
TiKV Min Version: v3.0.0-60965b006877ca7234adaced7890d7b029ed1306
Check Table Before Drop: false |
```

