ID: 30595
Title: Inserting a time into a date (year) type is handling properly in mysql Not in TIDB
Description:
## Bug Report

Please answer these questions before submitting your issue. Thanks!

### 1. Minimal reproduce step (Required)

<!-- a step by step guide for reproducing the bug. -->
```sql
SET timestamp=UNIX_TIMESTAMP('2011-12-31 15:44:00');
CREATE TABLE t1 (a YEAR);
INSERT INTO t1 VALUES (CURTIME());
INSERT INTO t1 VALUES (TIME'15:44:00');
INSERT INTO t1 VALUES (TIME'25:00:00');
SELECT * FROM t1;
```
### 2. What did you expect to see? (Required)
```sql
mysql> set sql_mode=default;
Query OK, 0 rows affected (0.00 sec)

mysql> SET timestamp=UNIX_TIMESTAMP('2011-12-31 15:44:00');
Query OK, 0 rows affected (0.00 sec)

mysql> CREATE TABLE t1 (a YEAR);
Query OK, 0 rows affected (0.02 sec)

mysql> INSERT INTO t1 VALUES (CURTIME());
Query OK, 1 row affected (0.00 sec)

mysql> INSERT INTO t1 VALUES (TIME'15:44:00');
Query OK, 1 row affected (0.00 sec)

mysql> INSERT INTO t1 VALUES (TIME'25:00:00');
Query OK, 1 row affected (0.00 sec)

mysql> SELECT * FROM t1;
+------+
| a    |
+------+
| 2011 |
| 2011 |
| 2012 |
+------+
3 rows in set (0.00 sec)
 -- If sql mode set to blank
```sql
mysql> set sql_mode='';  
Query OK, 0 rows affected (0.00 sec)

mysql>  INSERT INTO t1 VALUES (CURTIME());
Query OK, 1 row affected (0.00 sec)
mysql> SELECT * FROM t1;
+------+
| a    |
+------+
| 2011 |
| 2011 |
| 2011 |
| 2012 |
+------+
```

### 3. What did you see instead (Required)
```sql
mysql> set sql_mode=default;
Query OK, 0 rows affected (0.00 sec)

mysql>  INSERT INTO t1 VALUES (TIME'25:00:00');
ERROR 1146 (42S02): Table 'mysql.t1' doesn't exist
mysql> SET timestamp=UNIX_TIMESTAMP('2011-12-31 15:44:00');
Query OK, 0 rows affected (0.00 sec)

mysql> CREATE TABLE t1 (a YEAR);
Query OK, 0 rows affected (0.00 sec)

mysql> INSERT INTO t1 VALUES (CURTIME());
ERROR 1264 (22003): Out of range value for column 'a' at row 1
mysql> INSERT INTO t1 VALUES (TIME'15:44:00');
ERROR 1264 (22003): Out of range value for column 'a' at row 1
mysql> INSERT INTO t1 VALUES (TIME'25:00:00');
ERROR 1264 (22003): Out of range value for column 'a' at row 1
mysql> SELECT * FROM t1;
Empty set (0.01 sec)
```
 -- If sql mode set to blank
```sql
mysql> set sql_mode='';
Query OK, 0 rows affected (0.00 sec)

mysql> INSERT INTO t1 VALUES (CURTIME());
Query OK, 1 row affected, 1 warning (0.00 sec)

mysql> select * from t1;
+------+
| a    |
+------+
| 2155 |
+------+
1 row in set (0.00 sec)


```
### 4. What is your TiDB version? (Required)

<!-- Paste the output of SELECT tidb_version() -->
```sql
| Release Version: v5.4.0-alpha-184-g51f53f337-dirty
Edition: Community
Git Commit Hash: 51f53f3376bd548b302f654d6c11096f89119145
Git Branch: master
UTC Build Time: 2021-11-23 02:51:51
GoVersion: go1.16.9
Race Enabled: false
TiKV Min Version: v3.0.0-60965b006877ca7234adaced7890d7b029ed1306
Check Table Before Drop: false |
```
