ID: 31421
Title: max_allowed_packet and net_buffer_length   session | global scope difference in tidb
Description:
## Bug Report

Please answer these questions before submitting your issue. Thanks!

### 1. Minimal reproduce step (Required)

<!-- a step by step guide for reproducing the bug. -->
```sql
set  max_allowed_packet=100;
set  net_buffer_length=100;
set global max_allowed_packet=100;
set global net_buffer_length=100;
select @@net_buffer_length, @@max_allowed_packet;
```
### 2. What did you expect to see? (Required)
```sql
mysql> set  max_allowed_packet=100;
ERROR 1621 (HY000): SESSION variable 'max_allowed_packet' is read-only. Use SET GLOBAL to assign the value
mysql> set  net_buffer_length=100;
ERROR 1621 (HY000): SESSION variable 'net_buffer_length' is read-only. Use SET GLOBAL to assign the value
mysql> set global max_allowed_packet=100;
Query OK, 0 rows affected, 1 warning (0.00 sec)

mysql> set global net_buffer_length=100;
Query OK, 0 rows affected, 1 warning (0.00 sec)

mysql> select @@net_buffer_length, @@max_allowed_packet;
+---------------------+----------------------+
| @@net_buffer_length | @@max_allowed_packet |
+---------------------+----------------------+
|                1024 |                 1024 |
+---------------------+----------------------+
1 row in set (0.00 sec)



```
### 3. What did you see instead (Required)
```sql
mysql> set  max_allowed_packet=100;
Query OK, 0 rows affected, 1 warning (0.00 sec)
mysql> set  net_buffer_length=100;
Query OK, 0 rows affected (0.00 sec)
mysql> set global max_allowed_packet=100;
Query OK, 0 rows affected, 1 warning (0.01 sec)

mysql> set global net_buffer_length=100;
Query OK, 0 rows affected (0.00 sec)

mysql> select @@net_buffer_length, @@max_allowed_packet;
+---------------------+----------------------+
| @@net_buffer_length | @@max_allowed_packet |
+---------------------+----------------------+
| 100                 |                 1024 |
+---------------------+----------------------+
1 row in set (0.00 sec)


```
### 4. What is your TiDB version? (Required)

<!-- Paste the output of SELECT tidb_version() -->
```sql
| Release Version: v5.5.0-alpha-21-g722303bca-dirty
Edition: Community
Git Commit Hash: 722303bca8d279ff7c9d87e942095d320499f47e
Git Branch: master
UTC Build Time: 2022-01-05 19:11:01
GoVersion: go1.16.9
Race Enabled: false
TiKV Min Version: v3.0.0-60965b006877ca7234adaced7890d7b029ed1306
Check Table Before Drop: false |
```
