ID: 32095
Title: Inserting `NULL` in TIMESTAMP NOT NULL in non strict mode does not give an error.
Description:
## Bug Report

### 1. Minimal reproduce step 
```sql
DROP TABLE IF EXISTS t1;
SET sql_mode = 'NO_ENGINE_SUBSTITUTION';
CREATE TABLE t1(
    c1 TIMESTAMP NOT NULL, 
    c2 TIMESTAMP NOT NULL DEFAULT '2001-01-01 01:01:01',
    c3 INT NOT NULL DEFAULT 42);

INSERT INTO t1 VALUES (NULL, DEFAULT, DEFAULT);  
INSERT INTO t1 VALUES ('2005-05-05 06:06:06', NULL, DEFAULT);
INSERT INTO t1 VALUES ('2005-05-05 06:06:06', DEFAULT, NULL); 
INSERT INTO t1 VALUES ('2005-05-05 06:06:06', DEFAULT, DEFAULT);

SELECT * FROM t1;
DROP TABLE t1;
SET sql_mode = default;
```

### 2. What did you expect to see?
```sql
mysql> INSERT INTO t1 VALUES (NULL, DEFAULT, DEFAULT);   
ERROR 1048 (23000): Column 'c1' cannot be null
mysql> INSERT INTO t1 VALUES ('2005-05-05 06:06:06', NULL, DEFAULT);
ERROR 1048 (23000): Column 'c2' cannot be null
mysql> INSERT INTO t1 VALUES ('2005-05-05 06:06:06', DEFAULT, NULL); 
ERROR 1048 (23000): Column 'c3' cannot be null
mysql> INSERT INTO t1 VALUES ('2005-05-05 06:06:06', DEFAULT, DEFAULT);
Query OK, 1 row affected (0.00 sec)

mysql> SELECT * FROM t1;
+---------------------+---------------------+----+
| c1                  | c2                  | c3 |
+---------------------+---------------------+----+
| 2005-05-05 06:06:06 | 2001-01-01 01:01:01 | 42 |
+---------------------+---------------------+----+
1 row in set (0.00 sec)
```

### 3. What did you see instead 
```sql
tidb> INSERT INTO t1 VALUES (NULL, DEFAULT, DEFAULT);  
Query OK, 1 row affected, 1 warning (0.01 sec)

tidb> INSERT INTO t1 VALUES ('2005-05-05 06:06:06', NULL, DEFAULT);
Query OK, 1 row affected, 1 warning (0.00 sec)

tidb> INSERT INTO t1 VALUES ('2005-05-05 06:06:06', DEFAULT, NULL); 
Query OK, 1 row affected, 1 warning (0.00 sec)

tidb> INSERT INTO t1 VALUES ('2005-05-05 06:06:06', DEFAULT, DEFAULT);
Query OK, 1 row affected (0.00 sec)

tidb> SELECT * FROM t1;
+---------------------+---------------------+----+
| c1                  | c2                  | c3 |
+---------------------+---------------------+----+
| 0000-00-00 00:00:00 | 2001-01-01 01:01:01 | 42 |
| 2005-05-05 06:06:06 | 0000-00-00 00:00:00 | 42 |
| 2005-05-05 06:06:06 | 2001-01-01 01:01:01 |  0 |
| 2005-05-05 06:06:06 | 2001-01-01 01:01:01 | 42 |
+---------------------+---------------------+----+
4 rows in set (0.01 sec)
```

### 4. What is your TiDB version? 
```
tidb_version(): Release Version: v5.5.0-alpha-210-g11f4ca802
Edition: Community
Git Commit Hash: 11f4ca802083ee38d5972730ba8f9b72395316fb
Git Branch: master
UTC Build Time: 2022-02-02 21:43:10
GoVersion: go1.17.2
Race Enabled: false
TiKV Min Version: v3.0.0-60965b006877ca7234adaced7890d7b029ed1306
Check Table Before Drop: false
```
