ID: 36373
Title: `Merge` hint will cause the CTE query to be unrecognized
Description:
## Bug report

Related issue: #36122 

```
mysql> create table t1(a int);
Query OK, 0 rows affected (0.03 sec)

mysql> create table t2(b int);
Query OK, 0 rows affected (0.01 sec)

mysql> create table t3(c int);
Query OK, 0 rows affected (0.01 sec)

mysql> explain with cte1 as (with cte3 as (select /*+ MERGE() */  * from t1),cte4 as (select /*+ MERGE() */ * from t2) select /*+ MERGE() */  * from cte3,cte4) ,cte2 as (select /*+ MERGE() */  * from t3) select * from cte1,cte2;
ERROR 1146 (42S02): Table 'test.cte2' doesn't exist
mysql> explain with cte1 as (with cte3 as (select /*+ MERGE() */  * from t1),cte4 as (select /*+ MERGE() */ * from t2) select /*+ MERGE() */  * from cte3,cte4) ,cte2 as (select /*+ MERGE() */  * from t3) select * from cte2,cte1;
+-------------------------------+------------------+-----------+---------------+--------------------------------+
| id                            | estRows          | task      | access object | operator info                  |
+-------------------------------+------------------+-----------+---------------+--------------------------------+
| HashJoin_36                   | 1000000000000.00 | root      |               | CARTESIAN inner join           |
| ├─TableReader_45(Build)       | 10000.00         | root      |               | data:TableFullScan_44          |
| │ └─TableFullScan_44          | 10000.00         | cop[tikv] | table:t2      | keep order:false, stats:pseudo |
| └─HashJoin_38(Probe)          | 100000000.00     | root      |               | CARTESIAN inner join           |
|   ├─TableReader_43(Build)     | 10000.00         | root      |               | data:TableFullScan_42          |
|   │ └─TableFullScan_42        | 10000.00         | cop[tikv] | table:t1      | keep order:false, stats:pseudo |
|   └─TableReader_41(Probe)     | 10000.00         | root      |               | data:TableFullScan_40          |
|     └─TableFullScan_40        | 10000.00         | cop[tikv] | table:t3      | keep order:false, stats:pseudo |
+-------------------------------+------------------+-----------+---------------+--------------------------------+
8 rows in set (0.01 sec)
```
In the case of nested CTEs that are all inline, subsequent CTE that cannot be built need to be resolved.

Current Merge Hints support simple CTE queries, but further enhancements are needed for multi-nested queries.
