ID: 43903
Title: cannot operator DROP+CREATE index in the same SQL
Description:
## Bug Report

Please answer these questions before submitting your issue. Thanks!

### 1. Minimal reproduce step (Required)
1. run SQLs in TiDB
```sql
mysql> create table test.t (id int, a int);
Query OK, 0 rows affected (0.12 sec)

mysql> alter table test.t add index i1 (a);
Query OK, 0 rows affected (0.64 sec)

mysql> alter table test.t drop index i1, add index i1(a);
ERROR 1061 (42000): index already exist i1
```

2. run SQLs in MySQL
```sql
mysql> create table test.t (id int, a int);
Query OK, 0 rows affected (0.01 sec)

mysql> alter table test.t add index i1 (a);
Query OK, 0 rows affected (0.01 sec)
Records: 0  Duplicates: 0  Warnings: 0

mysql> alter table test.t drop index i1, add index i1(a);
Query OK, 0 rows affected (0.00 sec)
Records: 0  Duplicates: 0  Warnings: 0
```
<!-- a step by step guide for reproducing the bug. -->

### 2. What did you expect to see? (Required)

### 3. What did you see instead (Required)

### 4. What is your TiDB version? (Required)
master
<!-- Paste the output of SELECT tidb_version() -->

