ID: 46618
Title: `show tables like '\_%'` does not escape the underscore
Description:
## Bug Report

Please answer these questions before submitting your issue. Thanks!

### 1. Minimal reproduce step (Required)
1. Startup tiup playground
```
tiup playground nightly
mysql --comments --host 127.0.0.1 --port 4000 -u root
```

2. Connect to the tiup playground and run these statements
```sql
drop database foo;
create database foo;
use foo;
create table _bar (id int);
create table baz (id int);
show tables like '\_%';
```

### 2. What did you expect to see? (Required)
`show tables like '\_%';` should only show the `_bar` table as MySQL 8.1.0 does.

```sql
mysql> drop database foo;
Query OK, 2 rows affected (0.01 sec)

mysql> create database foo;
Query OK, 1 row affected (0.00 sec)

mysql> use foo;
Database changed
mysql> create table _bar (id int);
Query OK, 0 rows affected (0.01 sec)

mysql> create table baz (id int);
Query OK, 0 rows affected (0.01 sec)

mysql>
mysql> show tables like '\_%';
+---------------------+
| Tables_in_foo (\_%) |
+---------------------+
| _bar                |
+---------------------+
1 row in set (0.00 sec)

mysql> select version();
+-----------+
| version() |
+-----------+
| 8.1.0     |
+-----------+
1 row in set (0.00 sec)

mysql>
```

### 3. What did you see instead (Required)
`show tables like '\_%';` should shows both `_bar` and `baz` table.

```sql
mysql> drop database foo;
ERROR 1008 (HY000): Can't drop database 'foo'; database doesn't exist
mysql> create database foo;
Query OK, 0 rows affected (0.17 sec)

mysql> use foo;
Database changed
mysql> create table _bar (id int);
Query OK, 0 rows affected (0.18 sec)

mysql> create table baz (id int);
Query OK, 0 rows affected (0.33 sec)

mysql>
mysql> show tables like '\_%';
+---------------------+
| Tables_in_foo (\_%) |
+---------------------+
| _bar                |
| baz                 |
+---------------------+
2 rows in set (0.00 sec)

mysql> select tidb_version()\G
*************************** 1. row ***************************
tidb_version(): Release Version: v7.4.0-alpha
Edition: Community
Git Commit Hash: 80da8496d2cc1238f74d5e5fc6c34c978f5c0f2b
Git Branch: heads/refs/tags/v7.4.0-alpha
UTC Build Time: 2023-09-01 05:56:32
GoVersion: go1.21.0
Race Enabled: false
Check Table Before Drop: false
Store: tikv
1 row in set (0.00 sec)

mysql>
```

### 4. What is your TiDB version? (Required)

```sql
mysql> select tidb_version()\G
*************************** 1. row ***************************
tidb_version(): Release Version: v7.4.0-alpha
Edition: Community
Git Commit Hash: 80da8496d2cc1238f74d5e5fc6c34c978f5c0f2b
Git Branch: heads/refs/tags/v7.4.0-alpha
UTC Build Time: 2023-09-01 05:56:32
GoVersion: go1.21.0
Race Enabled: false
Check Table Before Drop: false
Store: tikv
1 row in set (0.00 sec)
```

