ID: 51183
Title: admin set bdr role need super privilege
Description:
## Bug Report

Please answer these questions before submitting your issue. Thanks!

### 1. Minimal reproduce step (Required)

<!-- a step by step guide for reproducing the bug. -->

1. create a new user without super privilege
2. execute `admin set bdr role xxx`

```sql
mysql> admin show bdr role;
ERROR 8121 (HY000): privilege check for 'Super' fail
mysql> admin set bdr role primary;
Query OK, 0 rows affected (0.00 sec)
```

### 2. What did you expect to see? (Required)

```sql
mysql> admin show bdr role;
ERROR 8121 (HY000): privilege check for 'Super' fail
mysql> admin set bdr role primary;
ERROR 8121 (HY000): privilege check for 'Super' fail
```

### 3. What did you see instead (Required)

```sql
mysql> admin show bdr role;
ERROR 8121 (HY000): privilege check for 'Super' fail
mysql> admin set bdr role primary;
Query OK, 0 rows affected (0.00 sec)
```

### 4. What is your TiDB version? (Required)

<!-- Paste the output of SELECT tidb_version() -->

master
