ID: 53789
Title: multi-schema-change merging ADD INDEX should consider the memory limit
Description:
## Bug Report

Please answer these questions before submitting your issue. Thanks!

### 1. Minimal reproduce step (Required)

Add failpoint to set memory limit to a lower value

```diff
diff --git a/pkg/ddl/ingest/env.go b/pkg/ddl/ingest/env.go
index c74d7f69fa..bef3dfb6d3 100644
--- a/pkg/ddl/ingest/env.go
+++ b/pkg/ddl/ingest/env.go
@@ -19,6 +19,7 @@ import (
        "path/filepath"
        "strconv"

+       "github.com/pingcap/failpoint"
        "github.com/pingcap/tidb/pkg/config"
        "github.com/pingcap/tidb/pkg/ddl/logutil"
        "github.com/pingcap/tidb/pkg/lightning/log"
@@ -68,6 +69,10 @@ func InitGlobalLightningEnv(filterProcessingJobIDs FilterProcessingJobIDsFunc) {
        } else {
                memTotal = memTotal / 2
        }
+       failpoint.Inject("setMemTotalInGB", func(val failpoint.Value) {
+               i := val.(int)
+               memTotal = uint64(i) * size.GB
+       })
        LitBackCtxMgr = NewLitBackendCtxMgr(sortPath, memTotal, filterProcessingJobIDs)
        litRLimit = util.GenRLimit("ddl-ingest")
        LitInitialized = true
```

Then we can see multi-schema-change failed

```
mysql> use test
Database changed
mysql> create table t (c int, c2 int, c3 int, c4 int);
Query OK, 0 rows affected (0.04 sec)

mysql> insert into t values (1,1,1,1), (2,2,2,2), (3,3,3,3);
Query OK, 3 rows affected (0.01 sec)
Records: 3  Duplicates: 0  Warnings: 0

mysql> alter table t add index i(c), add index i2(c2), add index i3(c3), add index i4(c4);
ERROR 8247 (HY000): Ingest failed: memory used up
```

but if TiDB can add index one-by-one, it should succeed

```
mysql> alter table t add index i4(c4);
Query OK, 0 rows affected (2.01 sec)
```

### 2. What did you expect to see? (Required)

### 3. What did you see instead (Required)

### 4. What is your TiDB version? (Required)

<!-- Paste the output of SELECT tidb_version() -->

