ID: 55281
Title: Rewriting user-defined variable in select stmt isn't treated as read only 
Description:
## Bug Report

Please answer these questions before submitting your issue. Thanks!

### 1. Minimal reproduce step (Required)

```
mysql> set global tidb_super_read_only=1;
Query OK, 0 rows affected (0.00 sec)

mysql> select @i:=@i+1;
ERROR 1836 (HY000): Running in read-only mode

mysql> set @i:=@i+1;
Query OK, 0 rows affected (0.00 sec)
```
### 2. What did you expect to see? (Required)

The behavior is allowed like mysql:
```
mysql> select @@super_read_only;
+-------------------+
| @@super_read_only |
+-------------------+
|                 1 |
+-------------------+
1 row in set (0.00 sec)

mysql> select @i:=@i+1;
+----------+
| @i:=@i+1 |
+----------+
|     NULL |
+----------+
1 row in set, 1 warning (0.00 sec)

mysql> show warnings;
+---------+------+------------------------------------------------------------------------------------------------------------------------------------------------------------------------------------------------------+
| Level   | Code | Message                                                                                                                                                                                              |
+---------+------+------------------------------------------------------------------------------------------------------------------------------------------------------------------------------------------------------+
| Warning | 1287 | Setting user variables within expressions is deprecated and will be removed in a future release. Consider alternatives: 'SET variable=expression, ...', or 'SELECT expression(s) INTO variables(s)'. |
+---------+------+------------------------------------------------------------------------------------------------------------------------------------------------------------------------------------------------------+
1 row in set (0.00 sec)

mysql> select @i+1 into @i;
Query OK, 1 row affected (0.00 sec)

mysql> set @i:=@i+1;
Query OK, 0 rows affected (0.00 sec)
```

### 3. What did you see instead (Required)

ERROR 1836 (HY000): Running in read-only mode

### 4. What is your TiDB version? (Required)
v6.5.10

