ID: 2196
Title: [Bug]: The behavior of the query differs under the conditions of IS NOT FALSE and IS NULL.
Description:
**Describe the bug**

**Environment**

- OS Version and CPU Arch(`uname -a`):

```bash
Linux 3.10.0-1160.102.1.el7.x86_64 #1 SMP Tue Oct 17 15:42:21 UTC 2023 x86_64 x86_64 x86_64 GNU/Linux
```

- OB Version(`LD_LIBRARY_PATH=../lib:$LD_LIBRARY_PATH ./observer -V`):

```bash
select version();
-- 5.7.25-OceanBase_CE-v4.3.4.0
```

**Fast Reproduce Steps(Required)**

Steps to reproduce the behavior:

```sql
select (CAST(NULL AS JSON)); -- null

SELECT true
WHERE (CAST(NULL AS JSON)) IS NOT FALSE; -- [HY000][4016] Internal error

SELECT true
WHERE (CAST(NULL AS JSON)) IS NULL; -- 1
```

**Expected behavior**

The query should execute normally or return other error messages.
Mysql Behavior
```sql
mysql> SELECT true
    -> WHERE (CAST(NULL AS JSON)) IS NOT FALSE;
+------+
| true |
+------+
|    1 |
+------+
1 row in set, 1 warning (0.00 sec)

mysql> select version();
+-----------+
| version() |
+-----------+
| 8.4.1     |
+-----------+
```

**Actual Behavior**

```sql
mysql> select (CAST(NULL AS JSON));
+----------------------+
| (CAST(NULL AS JSON)) |
+----------------------+
| NULL                 |
+----------------------+
1 row in set (0.01 sec)

mysql> SELECT true
    -> WHERE (CAST(NULL AS JSON)) IS NOT FALSE;
ERROR 4016 (HY000): Internal error

mysql> SELECT true
    -> WHERE (CAST(NULL AS JSON)) IS NULL;
+------+
| true |
+------+
|    1 |
+------+
1 row in set (0.00 sec)
```

**Additional context**
This query can be executed normally on TiDB 8.4 and MySQL 8.4.1.